Test run for D:\Программы\ISIDA\Programms\isida\tests\Isida.Tests\bin\Debug\net48\Isida.Tests.dll (.NETFramework,Version=v4.8)
A total of 1 test files matched the specified pattern.
[xUnit.net 00:00:00.00] xUnit.net VSTest Adapter v2.8.2+699d445a1a (64-bit .NET Framework 4.8.9310.0)
[xUnit.net 00:00:01.00]   Discovering: Isida.Tests
[xUnit.net 00:00:01.26]   Discovered:  Isida.Tests
[xUnit.net 00:00:01.27]   Starting:    Isida.Tests
  Passed Isida.Tests.CheckSecondaryConditioningTests.CheckSecondaryConditioning_RepeatedPairs_GrowsCr2ToThreshold [168 ms]
  Passed Isida.Tests.CheckSecondaryConditioningTests.CheckSecondaryConditioning_ParentExpired_NotCreated [25 ms]
  Passed Isida.Tests.CheckSecondaryConditioningTests.CheckSecondaryConditioning_ExistingCr2_StrengthenedNotDuplicated [6 ms]
  Passed Isida.Tests.CheckSecondaryConditioningTests.CheckSecondaryConditioning_Cs2ThenCs1_CreatesCr2OfOrder2 [13 ms]
  Passed Isida.Tests.CheckSecondaryConditioningTests.CheckSecondaryConditioning_Cr2WithoutCs1_CanBeActivated [13 ms]
  Passed Isida.Tests.CheckSecondaryConditioningTests.CheckSecondaryConditioning_UnknownParentId_NotCreated [5 ms]
  Passed Isida.Tests.CheckSecondaryConditioningTests.CheckSecondaryConditioning_WeakParent_NotCreated [6 ms]
  Passed Isida.Tests.CheckSecondaryConditioningTests.CheckSecondaryConditioning_GetReflexOrder_TracksChain [29 ms]
  Passed Isida.Tests.CheckSecondaryConditioningTests.CheckSecondaryConditioning_PoorRichPair_NotCreated [19 ms]
[xUnit.net 00:00:01.95]   Finished:    Isida.Tests
  Passed Isida.Tests.CheckSecondaryConditioningTests.CheckSecondaryConditioning_PreviousCsOutsideWindow_NotCreated [15 ms]
  Passed Isida.Tests.CheckSecondaryConditioningTests.CheckSecondaryConditioning_CascadeStrengthen_PropagatesToChild [13 ms]
  Passed Isida.Tests.CheckSecondaryConditioningTests.CheckSecondaryConditioning_ThirdOrderParent_NotCreated [18 ms]
  Passed Isida.Tests.CheckSecondaryConditioningTests.CheckSecondaryConditioning_SameStimulus_NotCreated [8 ms]

Test Run Successful.
Total tests: 13
     Passed: 13
 Total time: 2,5340 Seconds
